done 54 18 40
| Condition (x6 motions) | Acq. max (s) | Track err mean (px) | Within 10 px (%) | Centroid RMSE (px) | Loss mean / worst (%) | Re-acq max (s) | Min FPS |
|---|---|---|---|---|---|---|---|
| Clean | 1.07 | 1.35 | 98.2 | 0.020 | 0.0 / 0.0 | 0.03 | 402 |
| Gaussian s=20 | 1.07 | 3.52 | 97.5 | 0.108 | 0.1 / 0.4 | 0.03 | 430 |
| Salt&Pepper 10% | 1.03 | 4.44 | 96.8 | 0.088 | 1.0 / 1.4 | 0.03 | 300 |
| Poisson | 1.03 | 4.13 | 96.9 | 0.055 | 0.4 / 1.5 | 0.03 | 383 |
| Haze | 1.07 | 3.57 | 97.4 | 0.108 | 0.1 / 0.4 | 0.03 | 529 |
| Rain | 1.00 | 27.65 | 93.8 | 0.091 | 3.4 / 20.1 | 1.87 | 347 |
| Low light | 1.07 | 3.56 | 97.4 | 0.217 | 0.5 / 1.5 | 0.03 | 396 |
| Fog + all noise | 1.07 | 17.82 | 93.9 | 0.386 | 2.7 / 16.2 | 1.50 | 320 |
| STRESS | 1.37 | 420.74 | 8.7 | 0.573 | 38.2 / 52.9 | 2.33 | 271 |
{
 "n_runs": 54,
 "n_spec": 48,
 "acq_max": 1.067,
 "acq_median": 0.9165000000000001,
 "perr_mean": 8.256458333333333,
 "perr_worst": 146.48,
 "within10": 96.49458333333332,
 "cent_mean": 0.13425,
 "cent_worst": 0.397,
 "loss_mean": 1.0322916666666666,
 "loss_worst": 20.15,
 "reacq_max": 1.867,
 "fps_min": 299.5,
 "fps_median": 490.05,
 "pass_count": 46,
 "acq_cued": {
  "median": 0.633,
  "p90": 0.9033000000000001,
  "le2": 95.0
 },
 "acq_blind": {
  "median": 2.933,
  "p90": 99.0,
  "le2": 30.0
 },
 "ablation": {
  "naive": {
   "loss": null,
   "perr": null
  },
  "classical": {
   "loss": 43.830000000000005,
   "perr": 663.175
  },
  "ai": {
   "loss": 0.23333333333333336,
   "perr": 3.8200000000000003
  }
 },
 "stress": {
  "cond": "STRESS",
  "acq_max": 1.367,
  "perr": 420.7416666666666,
  "perr_worst": 641.75,
  "within10": 8.703333333333333,
  "cent": 0.5726666666666665,
  "loss": 38.24333333333333,
  "loss_worst": 52.92,
  "reacq": 2.333,
  "fps": 271.3
 }
}
figs ok
